src/components/forms/AnnouncementForm.tsx(17,31): error TS2769: No overload matches this call.
  Overload 1 of 2, '(action: (state: { success: boolean; error: boolean; message: string; }) => { success: boolean; error: boolean; message: string; } | Promise<{ success: boolean; error: boolean; message: string; }>, initialState: { ...; }, permalink?: string | undefined): [state: ...]', gave the following error.
    Argument of type '(currentState: CurrentState, data: FormData) => Promise<{ success: boolean; error: boolean; message: string; }>' is not assignable to parameter of type '(state: { success: boolean; error: boolean; message: string; }) => { success: boolean; error: boolean; message: string; } | Promise<{ success: boolean; error: boolean; message: string; }>'.
      Target signature provides too few arguments. Expected 2 or more, but got 1.
  Overload 2 of 2, '(action: (state: { success: boolean; error: boolean; message: string; }, payload: FormData) => { success: boolean; error: boolean; message: string; } | Promise<{ success: boolean; error: boolean; message: string; }>, initialState: { ...; }, permalink?: string | undefined): [state: ...]', gave the following error.
    Argument of type '{ success: false; error: false; }' is not assignable to parameter of type '{ success: boolean; error: boolean; message: string; }'.
      Property 'message' is missing in type '{ success: false; error: false; }' but required in type '{ success: boolean; error: boolean; message: string; }'.
src/components/forms/AttendanceForm.tsx(18,31): error TS2769: No overload matches this call.
  Overload 1 of 2, '(action: (state: { success: boolean; error: boolean; message: string; }) => { success: boolean; error: boolean; message: string; } | Promise<{ success: boolean; error: boolean; message: string; }>, initialState: { ...; }, permalink?: string | undefined): [state: ...]', gave the following error.
    Argument of type '(currentState: CurrentState, data: FormData) => Promise<{ success: boolean; error: boolean; message: string; }>' is not assignable to parameter of type '(state: { success: boolean; error: boolean; message: string; }) => { success: boolean; error: boolean; message: string; } | Promise<{ success: boolean; error: boolean; message: string; }>'.
      Target signature provides too few arguments. Expected 2 or more, but got 1.
  Overload 2 of 2, '(action: (state: { success: boolean; error: boolean; message: string; }, payload: FormData) => { success: boolean; error: boolean; message: string; } | Promise<{ success: boolean; error: boolean; message: string; }>, initialState: { ...; }, permalink?: string | undefined): [state: ...]', gave the following error.
    Argument of type '{ success: false; error: false; }' is not assignable to parameter of type '{ success: boolean; error: boolean; message: string; }'.
      Property 'message' is missing in type '{ success: false; error: false; }' but required in type '{ success: boolean; error: boolean; message: string; }'.
src/components/forms/EventForm.tsx(18,31): error TS2769: No overload matches this call.
  Overload 1 of 2, '(action: (state: { success: boolean; error: boolean; message: string; }) => { success: boolean; error: boolean; message: string; } | Promise<{ success: boolean; error: boolean; message: string; }>, initialState: { ...; }, permalink?: string | undefined): [state: ...]', gave the following error.
    Argument of type '(currentState: CurrentState, data: FormData) => Promise<{ success: boolean; error: boolean; message: string; }>' is not assignable to parameter of type '(state: { success: boolean; error: boolean; message: string; }) => { success: boolean; error: boolean; message: string; } | Promise<{ success: boolean; error: boolean; message: string; }>'.
      Target signature provides too few arguments. Expected 2 or more, but got 1.
  Overload 2 of 2, '(action: (state: { success: boolean; error: boolean; message: string; }, payload: FormData) => { success: boolean; error: boolean; message: string; } | Promise<{ success: boolean; error: boolean; message: string; }>, initialState: { ...; }, permalink?: string | undefined): [state: ...]', gave the following error.
    Argument of type '{ success: false; error: false; }' is not assignable to parameter of type '{ success: boolean; error: boolean; message: string; }'.
      Property 'message' is missing in type '{ success: false; error: false; }' but required in type '{ success: boolean; error: boolean; message: string; }'.
src/components/forms/MessageForm.tsx(18,31): error TS2769: No overload matches this call.
  Overload 1 of 2, '(action: (state: { success: boolean; error: boolean; message: string; }) => { success: boolean; error: boolean; message: string; } | Promise<{ success: boolean; error: boolean; message: string; }>, initialState: { ...; }, permalink?: string | undefined): [state: ...]', gave the following error.
    Argument of type '(currentState: CurrentState, data: FormData) => Promise<{ success: boolean; error: boolean; message: string; }>' is not assignable to parameter of type '(state: { success: boolean; error: boolean; message: string; }) => { success: boolean; error: boolean; message: string; } | Promise<{ success: boolean; error: boolean; message: string; }>'.
      Target signature provides too few arguments. Expected 2 or more, but got 1.
  Overload 2 of 2, '(action: (state: { success: boolean; error: boolean; message: string; }, payload: FormData) => { success: boolean; error: boolean; message: string; } | Promise<{ success: boolean; error: boolean; message: string; }>, initialState: { ...; }, permalink?: string | undefined): [state: ...]', gave the following error.
    Argument of type '{ success: false; error: false; }' is not assignable to parameter of type '{ success: boolean; error: boolean; message: string; }'.
      Property 'message' is missing in type '{ success: false; error: false; }' but required in type '{ success: boolean; error: boolean; message: string; }'.
src/components/forms/MessageForm.tsx(118,18): error TS2554: Expected 0 arguments, but got 1.
src/components/forms/ParentForm.tsx(65,31): error TS2769: No overload matches this call.
  Overload 1 of 2, '(action: (state: { success: boolean; error: boolean; message: any; }) => { success: boolean; error: boolean; message: any; } | Promise<{ success: boolean; error: boolean; message: any; }>, initialState: { ...; }, permalink?: string | undefined): [state: ...]', gave the following error.
    Argument of type '(currentState: CurrentState, data: CreateParentSchema) => Promise<{ success: boolean; error: boolean; message: any; }>' is not assignable to parameter of type '(state: { success: boolean; error: boolean; message: any; }) => { success: boolean; error: boolean; message: any; } | Promise<{ success: boolean; error: boolean; message: any; }>'.
      Target signature provides too few arguments. Expected 2 or more, but got 1.
  Overload 2 of 2, '(action: (state: { success: boolean; error: boolean; message: any; }, payload: { email: string; password: string; username: string; name: string; surname: string; address: string; phone?: string | undefined; id?: string | undefined; img?: string | undefined; studentIds?: string[] | undefined; }) => { ...; } | Promise<...>, initialState: { ...; }, permalink?: string | undefined): [state: ...]', gave the following error.
    Argument of type '{ success: false; error: false; }' is not assignable to parameter of type '{ success: boolean; error: boolean; message: any; }'.
      Property 'message' is missing in type '{ success: false; error: false; }' but required in type '{ success: boolean; error: boolean; message: any; }'.
src/components/forms/ResultForm.tsx(19,31): error TS2769: No overload matches this call.
  Overload 1 of 2, '(action: (state: { success: boolean; error: boolean; message: string; }) => { success: boolean; error: boolean; message: string; } | Promise<{ success: boolean; error: boolean; message: string; }>, initialState: { ...; }, permalink?: string | undefined): [state: ...]', gave the following error.
    Argument of type '(currentState: CurrentState, data: FormData) => Promise<{ success: boolean; error: boolean; message: string; }>' is not assignable to parameter of type '(state: { success: boolean; error: boolean; message: string; }) => { success: boolean; error: boolean; message: string; } | Promise<{ success: boolean; error: boolean; message: string; }>'.
      Target signature provides too few arguments. Expected 2 or more, but got 1.
  Overload 2 of 2, '(action: (state: { success: boolean; error: boolean; message: string; }, payload: FormData) => { success: boolean; error: boolean; message: string; } | Promise<{ success: boolean; error: boolean; message: string; }>, initialState: { ...; }, permalink?: string | undefined): [state: ...]', gave the following error.
    Argument of type '{ success: false; error: false; }' is not assignable to parameter of type '{ success: boolean; error: boolean; message: string; }'.
      Property 'message' is missing in type '{ success: false; error: false; }' but required in type '{ success: boolean; error: boolean; message: string; }'.
