src/app/(dashboard)/parent/page.tsx(54,19): error TS1137: Expression or comma expected.
src/app/(dashboard)/parent/page.tsx(54,20): error TS1003: Identifier expected.
src/app/(dashboard)/parent/page.tsx(54,23): error TS1382: Unexpected token. Did you mean `{'>'}` or `&gt;`?
src/lib/actions.ts(768,14): error TS1005: ':' expected.
src/lib/actions.ts(772,8): error TS1005: ',' expected.
src/lib/actions.ts(791,5): error TS1005: 'try' expected.
src/lib/actions.ts(799,2): error TS1472: 'catch' or 'finally' expected.
src/lib/actions.ts(1636,1): error TS1005: '}' expected.
